#0 building with "desktop-linux" instance using docker driver

#1 [internal] load build definition from Dockerfile
#1 transferring dockerfile: 560B done
#1 DONE 0.0s

#2 [internal] load metadata for docker.io/library/golang:1.23-alpine
#2 DONE 0.1s

#3 [internal] load metadata for docker.io/library/alpine:latest
#3 DONE 0.1s

#4 [internal] load .dockerignore
#4 transferring context: 2B done
#4 DONE 0.0s

#5 [internal] load build context
#5 DONE 0.0s

#6 [builder 1/6] FROM docker.io/library/golang:1.23-alpine@sha256:383395b794dffa5b53012a212365d40c8e37109a626ca30d6151c8348d380b5f
#6 resolve docker.io/library/golang:1.23-alpine@sha256:383395b794dffa5b53012a212365d40c8e37109a626ca30d6151c8348d380b5f 0.1s done
#6 DONE 0.1s

#7 [stage-1 1/4] FROM docker.io/library/alpine:latest@sha256:25109184c71bdad752c8312a8623239686a9a2071e8825f20acb8f2198c3f659
#7 resolve docker.io/library/alpine:latest@sha256:25109184c71bdad752c8312a8623239686a9a2071e8825f20acb8f2198c3f659
#7 resolve docker.io/library/alpine:latest@sha256:25109184c71bdad752c8312a8623239686a9a2071e8825f20acb8f2198c3f659 0.1s done
#7 DONE 0.1s

#8 [stage-1 2/4] RUN apk --no-cache add ca-certificates
#8 CACHED

#9 [stage-1 3/4] WORKDIR /root/
#9 CACHED

#5 [internal] load build context
#5 transferring context: 1.74kB done
#5 DONE 0.0s

#10 [builder 2/6] WORKDIR /app
#10 CACHED

#11 [builder 3/6] COPY go.mod go.sum ./
#11 CACHED

#12 [builder 4/6] RUN go mod download
#12 0.782 go: filippo.io/edwards25519@v1.2.0: module filippo.io/edwards25519@v1.2.0 requires go >= 1.24.0 (running go 1.23.12; GOTOOLCHAIN=local)
#12 ERROR: process "/bin/sh -c go mod download" did not complete successfully: exit code: 1
------
 > [builder 4/6] RUN go mod download:
0.782 go: filippo.io/edwards25519@v1.2.0: module filippo.io/edwards25519@v1.2.0 requires go >= 1.24.0 (running go 1.23.12; GOTOOLCHAIN=local)
------
Dockerfile:9
--------------------
   7 |     ENV GOPROXY=https://goproxy.cn,direct
   8 |     COPY go.mod go.sum ./
   9 | >>> RUN go mod download
  10 |     
  11 |     # Copy source code
--------------------
ERROR: failed to build: failed to solve: process "/bin/sh -c go mod download" did not complete successfully: exit code: 1
